==============================================================
  MODEL CHECK  -  two_countries_UEM.mod
==============================================================
Run date     : 2026-04-25 10:32:11
Model file   : /Users/pacogoze/Desktop/ENSAE/S2/MacroModelling/projet/ImportedInflation/src/two_countries_UEM.mod
Dynare run   : OK
--------------------------------------------------------------

1) RESIDUS AU STEADY-STATE
   max|residu|   = 7.105e-15
   Tolerance     = 1.000e-08
   Conclusion    : OK (steady-state consistant)

2) CONDITION DE BLANCHARD-KAHN
   # valeurs propres > 1  : 10
   # variables forward    : 10  (M_.nfwrd + M_.nboth)
   stoch_simul execute    : oui
   Conclusion    : OK (equilibre determine)

3) IRF : choc energie Allemagne (eta_p_F = +1 sigma = +0.015)

   Variable |      t=1 |      t=4 |      t=8 |     t=12
   ---------+----------+----------+----------+----------
   pic_F    |  +0.0014 |  +0.0003 |  +0.0001 |  +0.0001 |
   pic_H    |  +0.0005 |  +0.0003 |  +0.0002 |  +0.0002 |
   pi_UEM   |  +0.0010 |  +0.0003 |  +0.0002 |  +0.0001 |
   y_F      |  -0.0039 |  -0.0102 |  -0.0103 |  -0.0085 |
   y_H      |  +0.0015 |  +0.0016 |  +0.0010 |  +0.0008 |
   c_H      |  -0.0009 |  -0.0026 |  -0.0022 |  -0.0015 |
   c_F      |  -0.0023 |  -0.0075 |  -0.0082 |  -0.0070 |
   rer      |  +0.0012 |  +0.0021 |  +0.0017 |  +0.0013 |
   r        |  +0.0002 |  +0.0004 |  +0.0003 |  +0.0002 |
   ex_H     |  +0.0002 |  +0.0003 |  +0.0002 |  +0.0001 |
   ex_F     |  -0.0007 |  -0.0014 |  -0.0011 |  -0.0008 |
   NFA_H    |  -0.0496 |  -0.0459 |  -0.0003 |  +0.0203 |

   Tests de signe attendus (cost-push DE) :
     [OK] pic_F > 0 a t=1
     [OK] pic_H > 0 a t=4
     [OK] pi_UEM > 0 a t=1
     [OK] y_F < 0 a t=1
     [OK] c_H < 0 a t=4
     [OK] rer > 0 a t=1
     [OK] r > 0 a t=4
   7 / 7 tests passes.
   Conclusion    : Signes IRF conformes a la theorie

--------------------------------------------------------------
VERDICT : MODEL OK
==============================================================
Sortie brute Dynare : logs/model_check_raw.log
